
> api@0.0.0 start
> node -r esbuild-register ./src/index.ts

ROOT_DIR /Users/aakash/Documents/Projects/codestruk/compiler/compiler
❌ File not found: /Users/aakash/Documents/Projects/codestruk/compiler/compiler/.env.local
🔍 Attempting to load .env from: /Users/aakash/Documents/Projects/codestruk/compiler/compiler/.env.development
✅ Loaded environment from: /Users/aakash/Documents/Projects/codestruk/compiler/compiler/.env.development
✅ Environment variables loaded successfully
APP_URL: http://assessments.blcompiler.com
NODE_ENV: development
DB_URL: mongodb://admin:c$ZNv765@203.174.23.243:27017/bl_compiler_db?authSource=admin
Result parsed: {
  APP_NAME: 'Place-Value',
  APP_VERSION: '1.0.0',
  APP_URL: 'http://assessments.blcompiler.com',
  APP_DOMAIN: 'assessments.blcompiler.com',
  HELP_URL: 'http://assessments.blcompiler.com/help',
  NODE_ENV: 'development',
  PORT: '3000',
  HOST: '0.0.0.0',
  ASSESSMENTS_URL: 'http://assessments.blcompiler.com/dashboard/assement',
  LOGIN_URL: 'http://assessments.blcompiler.com/login',
  REGISTER_URL: 'http://assessments.blcompiler.com/register',
  DASHBOARD_URL: 'http://assessments.blcompiler.com/dashboard',
  LEADERBOARD_URL: 'http://assessments.blcompiler.com/results/leaderboard',
  RESULT_URL: 'http://assessments.blcompiler.com/dashboard/result',
  JUDGE0_API_URL: 'http://203.174.23.243:2358',
  JUDGE0_API_URL_FIRST: 'http://203.174.23.243:2358',
  JUDGE0_API_URL_SECOND: 'http://203.174.23.243:2358',
  JUDGE0_API_URL_THIRD: 'http://203.174.23.243:2358',
  JUDGE0_API_URL_FOURTH: 'http://203.174.23.243:2358',
  JUDGE0_API_URL_FIFTH: 'http://203.174.23.243:2358',
  CORS_ORIGIN: 'http://localhost:3001,https://codestruk.com,https://assessments.blcompiler.com,assessments.blcompiler.com,www.assessments.blcompiler.com,https://www.assessments.blcompiler.com',
  CORS_CREDENTIALS: 'true',
  DB_URL: 'mongodb://admin:c$ZNv765@203.174.23.243:27017/bl_compiler_db?authSource=admin',
  DB_HOST: 'localhost',
  DB_PORT: '27017',
  DB_NAME: 'codestruk',
  DB_USERNAME: 'akashuiuxd_db_user',
  DB_PASSWORD: 'TJaNA8epCq8Y3ExL',
  DB_SSL: 'false',
  DB_MAX_CONNECTIONS: '10',
  DB_CONNECTION_TIMEOUT: '30000',
  REDIS_HOST: 'localhost',
  REDIS_URL: 'redis://localhost:6379',
  REDIS_PORT: '6379',
  REDIS_PASSWORD: '',
  REDIS_DB: '0',
  REDIS_RETRY_DELAY: '100',
  REDIS_MAX_RETRIES: '3',
  REDIS_LAZY_CONNECT: 'true',
  REDIS_KEEP_ALIVE: '30000',
  REDIS_CONNECT_TIMEOUT: '10000',
  REDIS_COMMAND_TIMEOUT: '5000',
  SMTP_SECURE: 'true',
  SMTP_HOST: 'mail.blcompiler.in',
  SMTP_PORT: '465',
  SMTP_USER: 'test@blcompiler.in',
  SMTP_PASS: 'ayush@123',
  SMTP_FROM: 'no-reply@blcompiler.in',
  JWT_SECRET: 'fsdfjsduroitmcsurtnbutjsdijcmsadaharewtjmsitujitngijgsmdgklsandkfskjdfbsakdgbksb',
  JWT_EXPIRES_IN: '1h',
  JWT_REFRESH_SECRET: 'fskjeruwerwemfscuoiuwetoyvnmcsjabsigfsdfsdfascnsyduierhncisdhfishdf',
  JWT_REFRESH_EXPIRES_IN: '7d',
  JWT_ISSUER: 'assessments.blcompiler.com',
  JWT_AUDIENCE: 'compiler-users',
  BCRYPT_ROUNDS: '12',
  PASSWORD_MIN_LENGTH: '8',
  PASSWORD_REQUIRE_UPPERCASE: 'false',
  PASSWORD_REQUIRE_LOWERCASE: 'false',
  PASSWORD_REQUIRE_NUMBERS: 'false',
  PASSWORD_REQUIRE_SYMBOLS: 'false',
  SESSION_SECRET: 'fsajkfhkeruasjdfjsdkfhskdfhksdfjhkdjfhsdjkffsdfsdf',
  COOKIE_SECRET: 'jkureufaslfcnjoqyfcnasghiyutishavhvnakshvqiyagnbaksgyfaiuscnasvaehwisviasmntguytfastjfc',
  CACHE_TTL: '3600',
  CACHE_PREFIX: 'cache:',
  CACHE_MAX_KEYS: '10000',
  SESSION_TTL: '86400',
  SESSION_MAX_PER_USER: '5',
  SESSION_PREFIX: 'session:',
  QUEUE_PREFIX: 'queue:',
  QUEUE_DEFAULT_PRIORITY: '0',
  QUEUE_MAX_RETRIES: '3',
  QUEUE_MAIL_CONCURRENCY: '5',
  QUEUE_NOTIFICATIONS_CONCURRENCY: '10',
  QUEUE_DATA_PROCESSING_CONCURRENCY: '3',
  WORKER_MAIL_CONCURRENCY: '5',
  WORKER_NOTIFICATION_CONCURRENCY: '10',
  WORKER_DATA_PROCESSING_CONCURRENCY: '3',
  RATE_LIMIT_WINDOW_MS: '900000',
  RATE_LIMIT_MAX_REQUESTS: '100',
  RATE_LIMIT_SKIP_SUCCESS: 'false',
  RATE_LIMIT_SKIP_FAILED: 'false',
  LOG_LEVEL: 'info',
  LOG_FORMAT: 'json',
  LOG_ENABLE_CONSOLE: 'true',
  LOG_ENABLE_FILE: 'false',
  LOG_FILE_PATH: 'logs/app.log',
  LOG_MAX_FILES: '5',
  LOG_MAX_SIZE: '10mb',
  MONITORING_ENABLE_METRICS: 'true',
  MONITORING_ENABLE_HEALTH_CHECK: 'true',
  MONITORING_HEALTH_CHECK_PATH: '/health',
  MONITORING_METRICS_PATH: '/metrics',
  MONITORING_ENABLE_PROMETHEUS: 'false',
  MONITORING_PROMETHEUS_PORT: '9090'
}
REDIS_URL redis://localhost:6379
(node:33021) [MONGOOSE] Warning: Duplicate schema index on {"email":1} found. This is often due to declaring an index using both "index: true" and "schema.index()". Please remove the duplicate index definition.
(Use `node --trace-warnings ...` to show where the warning was created)
(node:33021) [MONGOOSE] Warning: Duplicate schema index on {"registrationNo":1} found. This is often due to declaring an index using both "index: true" and "schema.index()". Please remove the duplicate index definition.
